Python script started
Python version: 3.12.8 (tags/v3.12.8:2dc476b, Dec  3 2024, 19:30:04) [MSC v.1942 64 bit (AMD64)]
Working directory: E:\My\Sattva\telegram\.auto-claude\worktrees\tasks\009-adaptive-bitrate-streaming\backend
.env exists: True
